Archive member included because of file (symbol)

/root/pebble-dev/pebble-sdk-release-001/watches/kali-pebble-face/lib/libpebble.a(tmpE96Sgtpebble_os.o)
                              src/kali.c.1.o (app_event_loop)
/root/pebble-dev/arm-cs-tools/bin/../lib/gcc/arm-none-eabi/4.6.3/../../../../arm-none-eabi/lib/thumb2/libc.a(lib_a-memmove.o)
                              src/kali.c.1.o (memmove)
/root/pebble-dev/arm-cs-tools/bin/../lib/gcc/arm-none-eabi/4.6.3/../../../../arm-none-eabi/lib/thumb2/libc.a(lib_a-memset.o)
                              src/kali.c.1.o (memset)

Allocating common symbols
Common symbol       size              file

background_image    0x44              src/kali.c.1.o
window              0x58              src/kali.c.1.o
text_hour_layer     0x38              src/kali.c.1.o
line_layer          0x28              src/kali.c.1.o
text_minute_layer   0x38              src/kali.c.1.o

Memory Configuration

Name             Origin             Length             Attributes
APP              0x00000000         0x00006000         xrw
*default*        0x00000000         0xffffffff

Linker script and memory map

LOAD /root/pebble-dev/arm-cs-tools/bin/../lib/gcc/arm-none-eabi/4.6.3/thumb2/crti.o
LOAD /root/pebble-dev/arm-cs-tools/bin/../lib/gcc/arm-none-eabi/4.6.3/thumb2/crtbegin.o
LOAD src/kali.c.1.o
LOAD /root/pebble-dev/pebble-sdk-release-001/watches/kali-pebble-face/lib/libpebble.a
START GROUP
LOAD /root/pebble-dev/arm-cs-tools/bin/../lib/gcc/arm-none-eabi/4.6.3/thumb2/libgcc.a
LOAD /root/pebble-dev/arm-cs-tools/bin/../lib/gcc/arm-none-eabi/4.6.3/../../../../arm-none-eabi/lib/thumb2/libc.a
END GROUP
LOAD /root/pebble-dev/arm-cs-tools/bin/../lib/gcc/arm-none-eabi/4.6.3/thumb2/crtend.o
LOAD /root/pebble-dev/arm-cs-tools/bin/../lib/gcc/arm-none-eabi/4.6.3/thumb2/crtn.o

.header         0x00000000       0x7c
 *(.pbl_header)
 .pbl_header    0x00000000       0x7c src/kali.c.1.o
                0x00000000                __pbl_app_info

.text           0x0000007c      0xf4c
 *(.text)
 .text          0x0000007c        0x0 /root/pebble-dev/arm-cs-tools/bin/../lib/gcc/arm-none-eabi/4.6.3/thumb2/crti.o
 .text          0x0000007c       0x68 /root/pebble-dev/arm-cs-tools/bin/../lib/gcc/arm-none-eabi/4.6.3/thumb2/crtbegin.o
 .text          0x000000e4      0x358 src/kali.c.1.o
                0x000000e4                line_layer_update_callback
                0x00000154                handle_init
                0x00000320                handle_minute_tick
                0x000003ec                pbl_main
 .text          0x0000043c      0xb8c /root/pebble-dev/pebble-sdk-release-001/watches/kali-pebble-face/lib/libpebble.a(tmpE96Sgtpebble_os.o)
                0x0000043c                animation_init
                0x00000448                animation_set_delay
                0x00000454                animation_set_duration
                0x00000460                animation_set_curve
                0x0000046c                animation_set_handlers
                0x00000478                animation_set_implementation
                0x00000484                animation_get_context
                0x00000490                animation_schedule
                0x0000049c                animation_unschedule
                0x000004a8                animation_unschedule_all
                0x000004b4                animation_is_scheduled
                0x000004c0                app_timer_send_event
                0x000004cc                app_timer_cancel_event
                0x000004d8                app_event_loop
                0x000004e4                bmp_init_container
                0x000004f0                bmp_deinit_container
                0x000004fc                cos_lookup
                0x00000508                fonts_get_system_font
                0x00000514                fonts_load_custom_font
                0x00000520                fonts_unload_custom_font
                0x0000052c                graphics_context_set_stroke_color
                0x00000538                graphics_context_set_fill_color
                0x00000544                graphics_context_set_text_color
                0x00000550                graphics_context_set_compositing_mode
                0x0000055c                graphics_draw_pixel
                0x00000568                graphics_draw_line
                0x00000574                graphics_fill_rect
                0x00000580                graphics_draw_circle
                0x0000058c                graphics_fill_circle
                0x00000598                graphics_draw_round_rect
                0x000005a4                get_time
                0x000005b0                gpath_init
                0x000005bc                gpath_move_to
                0x000005c8                gpath_rotate_to
                0x000005d4                gpath_draw_outline
                0x000005e0                gpath_draw_filled
                0x000005ec                grect_center_point
                0x000005f8                layer_mark_dirty
                0x00000604                layer_remove_from_parent
                0x00000610                layer_add_child
                0x0000061c                layer_get_frame
                0x00000628                layer_set_frame
                0x00000634                layer_set_hidden
                0x00000640                layer_init
                0x0000064c                light_enable
                0x00000658                light_enable_interaction
                0x00000664                psleep
                0x00000670                resource_init_current_app
                0x0000067c                resource_get_handle
                0x00000688                resource_load
                0x00000694                resource_load_byte_range
                0x000006a0                resource_size
                0x000006ac                rotbmp_deinit_container
                0x000006b8                rotbmp_init_container
                0x000006c4                rotbmp_pair_deinit_container
                0x000006d0                rotbmp_pair_init_container
                0x000006dc                rotbmp_pair_layer_set_src_ic
                0x000006e8                rotbmp_pair_layer_set_angle
                0x000006f4                window_init
                0x00000700                window_stack_push
                0x0000070c                window_set_click_config_provider
                0x00000718                window_set_background_color
                0x00000724                window_render
                0x00000730                window_set_fullscreen
                0x0000073c                sin_lookup
                0x00000748                string_format_time
                0x00000754                text_layer_init
                0x00000760                text_layer_get_text
                0x0000076c                text_layer_set_text
                0x00000778                text_layer_set_font
                0x00000784                text_layer_set_text_color
                0x00000790                text_layer_set_background_color
                0x0000079c                vibes_double_pulse
                0x000007a8                vibes_enqueue_custom_pattern
                0x000007b4                vibes_long_pulse
                0x000007c0                vibes_short_pulse
                0x000007cc                app_get_current_graphics_context
                0x000007d8                clock_is_24h_style
                0x000007e4                property_animation_init_layer_frame
                0x000007f0                text_layer_set_text_alignment
                0x000007fc                graphics_draw_bitmap_in_rect
                0x00000808                graphics_text_draw
                0x00000814                layer_set_bounds
                0x00000820                layer_get_bounds
                0x0000082c                layer_set_update_proc
                0x00000838                layer_get_window
                0x00000844                layer_remove_child_layers
                0x00000850                layer_insert_below_sibling
                0x0000085c                layer_insert_above_sibling
                0x00000868                layer_get_hidden
                0x00000874                layer_set_clips
                0x00000880                layer_get_clips
                0x0000088c                text_layer_get_max_used_size
                0x00000898                text_layer_set_size
                0x000008a4                text_layer_set_overflow_mode
                0x000008b0                graphics_text_layout_get_max_used_size
                0x000008bc                inverter_layer_init
                0x000008c8                bitmap_layer_init
                0x000008d4                bitmap_layer_set_bitmap
                0x000008e0                bitmap_layer_set_alignment
                0x000008ec                bitmap_layer_set_background_color
                0x000008f8                bitmap_layer_set_compositing_mode
                0x00000904                heap_bitmap_init
                0x00000910                heap_bitmap_deinit
                0x0000091c                click_recognizer_get_button_id
                0x00000928                click_number_of_clicks_counted
                0x00000934                menu_cell_basic_draw
                0x00000940                menu_cell_title_draw
                0x0000094c                menu_cell_basic_header_draw
                0x00000958                menu_layer_init
                0x00000964                menu_layer_get_layer
                0x00000970                menu_layer_set_callbacks
                0x0000097c                menu_layer_set_click_config_onto_window
                0x00000988                menu_layer_set_selected_next
                0x00000994                menu_layer_set_selected_index
                0x000009a0                menu_layer_reload_data
                0x000009ac                menu_index_compare
                0x000009b8                scroll_layer_init
                0x000009c4                scroll_layer_add_child
                0x000009d0                scroll_layer_set_click_config_onto_window
                0x000009dc                scroll_layer_set_callbacks
                0x000009e8                scroll_layer_set_context
                0x000009f4                scroll_layer_set_content_offset
                0x00000a00                scroll_layer_get_content_offset
                0x00000a0c                scroll_layer_set_content_size
                0x00000a18                scroll_layer_get_content_size
                0x00000a24                scroll_layer_set_frame
                0x00000a30                scroll_layer_scroll_up_click_handler
                0x00000a3c                scroll_layer_scroll_down_click_handler
                0x00000a48                simple_menu_layer_init
                0x00000a54                simple_menu_layer_get_layer
                0x00000a60                simple_menu_layer_get_selected_index
                0x00000a6c                simple_menu_layer_set_selected_index
                0x00000a78                window_deinit
                0x00000a84                window_set_click_config_provider_with_context
                0x00000a90                window_get_click_config_provider
                0x00000a9c                window_set_window_handlers
                0x00000aa8                window_get_root_layer
                0x00000ab4                window_get_fullscreen
                0x00000ac0                window_set_status_bar_icon
                0x00000acc                window_is_loaded
                0x00000ad8                window_stack_pop
                0x00000ae4                window_stack_pop_all
                0x00000af0                window_stack_contains_window
                0x00000af8                window_stack_get_top_window
                0x00000b00                window_stack_remove
                0x00000b08                property_animation_init
                0x00000b10                property_animation_update_int16
                0x00000b18                property_animation_update_gpoint
                0x00000b20                property_animation_update_grect
                0x00000b28                app_message_register_callbacks
                0x00000b30                app_message_deregister_callbacks
                0x00000b38                app_message_out_get
                0x00000b40                app_message_out_send
                0x00000b48                app_message_out_release
                0x00000b50                app_sync_init
                0x00000b58                app_sync_deinit
                0x00000b60                app_sync_set
                0x00000b68                app_sync_get
                0x00000b70                dict_calc_buffer_size
                0x00000b78                dict_write_begin
                0x00000b80                dict_write_data
                0x00000b88                dict_write_cstring
                0x00000b90                dict_write_int
                0x00000b98                dict_write_uint8
                0x00000ba0                dict_write_uint16
                0x00000ba8                dict_write_uint32
                0x00000bb0                dict_write_int8
                0x00000bb8                dict_write_int16
                0x00000bc0                dict_write_int32
                0x00000bc8                dict_write_end
                0x00000bd0                dict_read_begin_from_buffer
                0x00000bd8                dict_read_next
                0x00000be0                dict_read_first
                0x00000be8                dict_serialize_tuplets
                0x00000bf0                dict_serialize_tuplets_to_buffer
                0x00000bf8                dict_serialize_tuplets_to_buffer_with_iter
                0x00000c00                dict_write_tuplet
                0x00000c08                dict_calc_buffer_size_from_tuplets
                0x00000c10                dict_merge
                0x00000c18                dict_find
                0x00000c20                action_bar_layer_init
                0x00000c28                action_bar_layer_set_context
                0x00000c30                action_bar_layer_set_click_config_provider
                0x00000c38                action_bar_layer_set_icon
                0x00000c40                action_bar_layer_clear_icon
                0x00000c48                action_bar_layer_add_to_window
                0x00000c50                action_bar_layer_remove_from_window
                0x00000c58                action_bar_layer_set_background_color
                0x00000c60                number_window_init
                0x00000c68                number_window_set_label
                0x00000c70                number_window_set_max
                0x00000c78                number_window_set_min
                0x00000c80                number_window_set_value
                0x00000c88                number_window_set_step_size
                0x00000c90                number_window_get_value
                0x00000c98                clock_copy_time_string
 .text          0x00000fc8        0x0 /root/pebble-dev/arm-cs-tools/bin/../lib/gcc/arm-none-eabi/4.6.3/../../../../arm-none-eabi/lib/thumb2/libc.a(lib_a-memmove.o)
 .text          0x00000fc8        0x0 /root/pebble-dev/arm-cs-tools/bin/../lib/gcc/arm-none-eabi/4.6.3/../../../../arm-none-eabi/lib/thumb2/libc.a(lib_a-memset.o)
 .text          0x00000fc8        0x0 /root/pebble-dev/arm-cs-tools/bin/../lib/gcc/arm-none-eabi/4.6.3/thumb2/crtend.o
 .text          0x00000fc8        0x0 /root/pebble-dev/arm-cs-tools/bin/../lib/gcc/arm-none-eabi/4.6.3/thumb2/crtn.o

.glue_7         0x00000fc8        0x0
 .glue_7        0x00000000        0x0 linker stubs

.glue_7t        0x00000fc8        0x0
 .glue_7t       0x00000000        0x0 linker stubs

.vfp11_veneer   0x00000fc8        0x0
 .vfp11_veneer  0x00000000        0x0 linker stubs

.v4_bx          0x00000fc8        0x0
 .v4_bx         0x00000000        0x0 linker stubs

.init           0x00000fc8        0xc
 .init          0x00000fc8        0x4 /root/pebble-dev/arm-cs-tools/bin/../lib/gcc/arm-none-eabi/4.6.3/thumb2/crti.o
                0x00000fc8                _init
 .init          0x00000fcc        0x8 /root/pebble-dev/arm-cs-tools/bin/../lib/gcc/arm-none-eabi/4.6.3/thumb2/crtn.o

.fini           0x00000fd4        0xc
 .fini          0x00000fd4        0x4 /root/pebble-dev/arm-cs-tools/bin/../lib/gcc/arm-none-eabi/4.6.3/thumb2/crti.o
                0x00000fd4                _fini
 .fini          0x00000fd8        0x8 /root/pebble-dev/arm-cs-tools/bin/../lib/gcc/arm-none-eabi/4.6.3/thumb2/crtn.o

.iplt           0x00000fe0        0x0
 .iplt          0x00000000        0x0 /root/pebble-dev/arm-cs-tools/bin/../lib/gcc/arm-none-eabi/4.6.3/thumb2/crti.o

.text.memmove   0x00000fe0       0x3c
 .text.memmove  0x00000fe0       0x3c /root/pebble-dev/arm-cs-tools/bin/../lib/gcc/arm-none-eabi/4.6.3/../../../../arm-none-eabi/lib/thumb2/libc.a(lib_a-memmove.o)
                0x00000fe0                memmove

.text.memset    0x0000101c       0x10
 .text.memset   0x0000101c       0x10 /root/pebble-dev/arm-cs-tools/bin/../lib/gcc/arm-none-eabi/4.6.3/../../../../arm-none-eabi/lib/thumb2/libc.a(lib_a-memset.o)
                0x0000101c                memset

.data           0x0000102c       0x18
 *(.data)
 .data          0x0000102c        0x0 /root/pebble-dev/arm-cs-tools/bin/../lib/gcc/arm-none-eabi/4.6.3/thumb2/crti.o
 .data          0x0000102c        0x4 /root/pebble-dev/arm-cs-tools/bin/../lib/gcc/arm-none-eabi/4.6.3/thumb2/crtbegin.o
                0x0000102c                __dso_handle
 .data          0x00001030       0x14 src/kali.c.1.o
 .data          0x00001044        0x0 /root/pebble-dev/pebble-sdk-release-001/watches/kali-pebble-face/lib/libpebble.a(tmpE96Sgtpebble_os.o)
 .data          0x00001044        0x0 /root/pebble-dev/arm-cs-tools/bin/../lib/gcc/arm-none-eabi/4.6.3/../../../../arm-none-eabi/lib/thumb2/libc.a(lib_a-memmove.o)
 .data          0x00001044        0x0 /root/pebble-dev/arm-cs-tools/bin/../lib/gcc/arm-none-eabi/4.6.3/../../../../arm-none-eabi/lib/thumb2/libc.a(lib_a-memset.o)
 .data          0x00001044        0x0 /root/pebble-dev/arm-cs-tools/bin/../lib/gcc/arm-none-eabi/4.6.3/thumb2/crtend.o
 .data          0x00001044        0x0 /root/pebble-dev/arm-cs-tools/bin/../lib/gcc/arm-none-eabi/4.6.3/thumb2/crtn.o

.igot.plt       0x00001044        0x0
 .igot.plt      0x00000000        0x0 /root/pebble-dev/arm-cs-tools/bin/../lib/gcc/arm-none-eabi/4.6.3/thumb2/crti.o

.got            0x00001044       0x14
 .got           0x00001044       0x14 /root/pebble-dev/arm-cs-tools/bin/../lib/gcc/arm-none-eabi/4.6.3/thumb2/crti.o

.got.plt        0x00001058        0xc
 .got.plt       0x00001058        0xc /root/pebble-dev/arm-cs-tools/bin/../lib/gcc/arm-none-eabi/4.6.3/thumb2/crti.o
                0x00001058                _GLOBAL_OFFSET_TABLE_

.init_array     0x00001064        0x4
 .init_array    0x00001064        0x4 /root/pebble-dev/arm-cs-tools/bin/../lib/gcc/arm-none-eabi/4.6.3/thumb2/crtbegin.o

.fini_array     0x00001068        0x4
 .fini_array    0x00001068        0x4 /root/pebble-dev/arm-cs-tools/bin/../lib/gcc/arm-none-eabi/4.6.3/thumb2/crtbegin.o

.jcr            0x0000106c        0x4
 .jcr           0x0000106c        0x0 /root/pebble-dev/arm-cs-tools/bin/../lib/gcc/arm-none-eabi/4.6.3/thumb2/crtbegin.o
 .jcr           0x0000106c        0x4 /root/pebble-dev/arm-cs-tools/bin/../lib/gcc/arm-none-eabi/4.6.3/thumb2/crtend.o

.bss            0x00001070      0x150
 *(.bss)
 .bss           0x00001070        0x0 /root/pebble-dev/arm-cs-tools/bin/../lib/gcc/arm-none-eabi/4.6.3/thumb2/crti.o
 .bss           0x00001070       0x1c /root/pebble-dev/arm-cs-tools/bin/../lib/gcc/arm-none-eabi/4.6.3/thumb2/crtbegin.o
 .bss           0x0000108c        0x0 src/kali.c.1.o
 .bss           0x0000108c        0x0 /root/pebble-dev/pebble-sdk-release-001/watches/kali-pebble-face/lib/libpebble.a(tmpE96Sgtpebble_os.o)
 .bss           0x0000108c        0x0 /root/pebble-dev/arm-cs-tools/bin/../lib/gcc/arm-none-eabi/4.6.3/../../../../arm-none-eabi/lib/thumb2/libc.a(lib_a-memmove.o)
 .bss           0x0000108c        0x0 /root/pebble-dev/arm-cs-tools/bin/../lib/gcc/arm-none-eabi/4.6.3/../../../../arm-none-eabi/lib/thumb2/libc.a(lib_a-memset.o)
 .bss           0x0000108c        0x0 /root/pebble-dev/arm-cs-tools/bin/../lib/gcc/arm-none-eabi/4.6.3/thumb2/crtend.o
 .bss           0x0000108c        0x0 /root/pebble-dev/arm-cs-tools/bin/../lib/gcc/arm-none-eabi/4.6.3/thumb2/crtn.o
 COMMON         0x0000108c      0x134 src/kali.c.1.o
                0x0000108c                background_image
                0x000010d0                window
                0x00001128                text_hour_layer
                0x00001160                line_layer
                0x00001188                text_minute_layer

DISCARD         0x000011c0        0x4
 libc.a(*)
 libm.a(*)
 libgcc.a(*)
 *(.eh_frame)
 .eh_frame      0x000011c0        0x0 /root/pebble-dev/arm-cs-tools/bin/../lib/gcc/arm-none-eabi/4.6.3/thumb2/crtbegin.o
 .eh_frame      0x000011c0        0x4 /root/pebble-dev/arm-cs-tools/bin/../lib/gcc/arm-none-eabi/4.6.3/thumb2/crtend.o
OUTPUT(/root/pebble-dev/pebble-sdk-release-001/watches/kali-pebble-face/build/pebble-app.elf elf32-littlearm)

.rodata         0x000011c4       0x68
 .rodata        0x000011c4       0x68 src/kali.c.1.o

.rel.dyn        0x0000122c        0x0
 .rel.iplt      0x00000000        0x0 /root/pebble-dev/arm-cs-tools/bin/../lib/gcc/arm-none-eabi/4.6.3/thumb2/crti.o
 .rel.got       0x00000000        0x0 /root/pebble-dev/arm-cs-tools/bin/../lib/gcc/arm-none-eabi/4.6.3/thumb2/crti.o

.ARM.attributes
                0x00000000       0x27
 .ARM.attributes
                0x00000000       0x1b /root/pebble-dev/arm-cs-tools/bin/../lib/gcc/arm-none-eabi/4.6.3/thumb2/crti.o
 .ARM.attributes
                0x0000001b       0x2b /root/pebble-dev/arm-cs-tools/bin/../lib/gcc/arm-none-eabi/4.6.3/thumb2/crtbegin.o
 .ARM.attributes
                0x00000046       0x33 src/kali.c.1.o
 .ARM.attributes
                0x00000079       0x21 /root/pebble-dev/pebble-sdk-release-001/watches/kali-pebble-face/lib/libpebble.a(tmpE96Sgtpebble_os.o)
 .ARM.attributes
                0x0000009a       0x2b /root/pebble-dev/arm-cs-tools/bin/../lib/gcc/arm-none-eabi/4.6.3/../../../../arm-none-eabi/lib/thumb2/libc.a(lib_a-memmove.o)
 .ARM.attributes
                0x000000c5       0x2b /root/pebble-dev/arm-cs-tools/bin/../lib/gcc/arm-none-eabi/4.6.3/../../../../arm-none-eabi/lib/thumb2/libc.a(lib_a-memset.o)
 .ARM.attributes
                0x000000f0       0x2b /root/pebble-dev/arm-cs-tools/bin/../lib/gcc/arm-none-eabi/4.6.3/thumb2/crtend.o
 .ARM.attributes
                0x0000011b       0x1b /root/pebble-dev/arm-cs-tools/bin/../lib/gcc/arm-none-eabi/4.6.3/thumb2/crtn.o

.comment        0x00000000       0x4e
 .comment       0x00000000       0x4e /root/pebble-dev/arm-cs-tools/bin/../lib/gcc/arm-none-eabi/4.6.3/thumb2/crtbegin.o
                                 0x4f (size before relaxing)
 .comment       0x00000000       0x4f src/kali.c.1.o
 .comment       0x00000000       0x4f /root/pebble-dev/arm-cs-tools/bin/../lib/gcc/arm-none-eabi/4.6.3/../../../../arm-none-eabi/lib/thumb2/libc.a(lib_a-memmove.o)
 .comment       0x00000000       0x4f /root/pebble-dev/arm-cs-tools/bin/../lib/gcc/arm-none-eabi/4.6.3/../../../../arm-none-eabi/lib/thumb2/libc.a(lib_a-memset.o)
 .comment       0x00000000       0x4f /root/pebble-dev/arm-cs-tools/bin/../lib/gcc/arm-none-eabi/4.6.3/thumb2/crtend.o

.debug_line     0x00000000      0x2a2
 .debug_line    0x00000000       0x71 /root/pebble-dev/arm-cs-tools/bin/../lib/gcc/arm-none-eabi/4.6.3/thumb2/crti.o
 .debug_line    0x00000071      0x1bc src/kali.c.1.o
 .debug_line    0x0000022d       0x75 /root/pebble-dev/arm-cs-tools/bin/../lib/gcc/arm-none-eabi/4.6.3/thumb2/crtn.o

.debug_info     0x00000000     0x156c
 .debug_info    0x00000000       0x93 /root/pebble-dev/arm-cs-tools/bin/../lib/gcc/arm-none-eabi/4.6.3/thumb2/crti.o
 .debug_info    0x00000093     0x1446 src/kali.c.1.o
 .debug_info    0x000014d9       0x93 /root/pebble-dev/arm-cs-tools/bin/../lib/gcc/arm-none-eabi/4.6.3/thumb2/crtn.o

.debug_abbrev   0x00000000      0x204
 .debug_abbrev  0x00000000       0x12 /root/pebble-dev/arm-cs-tools/bin/../lib/gcc/arm-none-eabi/4.6.3/thumb2/crti.o
 .debug_abbrev  0x00000012      0x1e0 src/kali.c.1.o
 .debug_abbrev  0x000001f2       0x12 /root/pebble-dev/arm-cs-tools/bin/../lib/gcc/arm-none-eabi/4.6.3/thumb2/crtn.o

.debug_aranges  0x00000000       0x70
 .debug_aranges
                0x00000000       0x28 /root/pebble-dev/arm-cs-tools/bin/../lib/gcc/arm-none-eabi/4.6.3/thumb2/crti.o
 .debug_aranges
                0x00000028       0x20 src/kali.c.1.o
 .debug_aranges
                0x00000048       0x28 /root/pebble-dev/arm-cs-tools/bin/../lib/gcc/arm-none-eabi/4.6.3/thumb2/crtn.o

.debug_ranges   0x00000000       0x40
 .debug_ranges  0x00000000       0x20 /root/pebble-dev/arm-cs-tools/bin/../lib/gcc/arm-none-eabi/4.6.3/thumb2/crti.o
 .debug_ranges  0x00000020       0x20 /root/pebble-dev/arm-cs-tools/bin/../lib/gcc/arm-none-eabi/4.6.3/thumb2/crtn.o

.debug_loc      0x00000000       0xe2
 .debug_loc     0x00000000       0xe2 src/kali.c.1.o

.debug_str      0x00000000      0xe46
 .debug_str     0x00000000      0xe46 src/kali.c.1.o
                                0xf21 (size before relaxing)

.debug_frame    0x00000000       0x90
 .debug_frame   0x00000000       0x90 src/kali.c.1.o
