Archive member included because of file (symbol)

/root/pebble-dev/pebble-sdk-release-001/watches/kali-pebble-face/lib/libpebble.a(tmpE96Sgtpebble_os.o)
                              src/kali.c.1.o (app_event_loop)
/root/pebble-dev/arm-cs-tools/bin/../lib/gcc/arm-none-eabi/4.6.3/../../../../arm-none-eabi/lib/thumb2/libc.a(lib_a-memmove.o)
                              src/kali.c.1.o (memmove)
/root/pebble-dev/arm-cs-tools/bin/../lib/gcc/arm-none-eabi/4.6.3/../../../../arm-none-eabi/lib/thumb2/libc.a(lib_a-memset.o)
                              src/kali.c.1.o (memset)

Allocating common symbols
Common symbol       size              file

text_day_layer      0x38              src/kali.c.1.o
text_month_layer    0x38              src/kali.c.1.o
text_time_layer     0x38              src/kali.c.1.o
text_date_layer     0x38              src/kali.c.1.o
background_image    0x44              src/kali.c.1.o
window              0x58              src/kali.c.1.o

Memory Configuration

Name             Origin             Length             Attributes
APP              0x00000000         0x00006000         xrw
*default*        0x00000000         0xffffffff

Linker script and memory map

LOAD /root/pebble-dev/arm-cs-tools/bin/../lib/gcc/arm-none-eabi/4.6.3/thumb2/crti.o
LOAD /root/pebble-dev/arm-cs-tools/bin/../lib/gcc/arm-none-eabi/4.6.3/thumb2/crtbegin.o
LOAD src/kali.c.1.o
LOAD /root/pebble-dev/pebble-sdk-release-001/watches/kali-pebble-face/lib/libpebble.a
START GROUP
LOAD /root/pebble-dev/arm-cs-tools/bin/../lib/gcc/arm-none-eabi/4.6.3/thumb2/libgcc.a
LOAD /root/pebble-dev/arm-cs-tools/bin/../lib/gcc/arm-none-eabi/4.6.3/../../../../arm-none-eabi/lib/thumb2/libc.a
END GROUP
LOAD /root/pebble-dev/arm-cs-tools/bin/../lib/gcc/arm-none-eabi/4.6.3/thumb2/crtend.o
LOAD /root/pebble-dev/arm-cs-tools/bin/../lib/gcc/arm-none-eabi/4.6.3/thumb2/crtn.o

.header         0x00000000       0x7c
 *(.pbl_header)
 .pbl_header    0x00000000       0x7c src/kali.c.1.o
                0x00000000                __pbl_app_info

.text           0x0000007c     0x105c
 *(.text)
 .text          0x0000007c        0x0 /root/pebble-dev/arm-cs-tools/bin/../lib/gcc/arm-none-eabi/4.6.3/thumb2/crti.o
 .text          0x0000007c       0x68 /root/pebble-dev/arm-cs-tools/bin/../lib/gcc/arm-none-eabi/4.6.3/thumb2/crtbegin.o
 .text          0x000000e4      0x468 src/kali.c.1.o
                0x000000e4                handle_init
                0x000003b4                handle_minute_tick
                0x000004fc                pbl_main
 .text          0x0000054c      0xb8c /root/pebble-dev/pebble-sdk-release-001/watches/kali-pebble-face/lib/libpebble.a(tmpE96Sgtpebble_os.o)
                0x0000054c                animation_init
                0x00000558                animation_set_delay
                0x00000564                animation_set_duration
                0x00000570                animation_set_curve
                0x0000057c                animation_set_handlers
                0x00000588                animation_set_implementation
                0x00000594                animation_get_context
                0x000005a0                animation_schedule
                0x000005ac                animation_unschedule
                0x000005b8                animation_unschedule_all
                0x000005c4                animation_is_scheduled
                0x000005d0                app_timer_send_event
                0x000005dc                app_timer_cancel_event
                0x000005e8                app_event_loop
                0x000005f4                bmp_init_container
                0x00000600                bmp_deinit_container
                0x0000060c                cos_lookup
                0x00000618                fonts_get_system_font
                0x00000624                fonts_load_custom_font
                0x00000630                fonts_unload_custom_font
                0x0000063c                graphics_context_set_stroke_color
                0x00000648                graphics_context_set_fill_color
                0x00000654                graphics_context_set_text_color
                0x00000660                graphics_context_set_compositing_mode
                0x0000066c                graphics_draw_pixel
                0x00000678                graphics_draw_line
                0x00000684                graphics_fill_rect
                0x00000690                graphics_draw_circle
                0x0000069c                graphics_fill_circle
                0x000006a8                graphics_draw_round_rect
                0x000006b4                get_time
                0x000006c0                gpath_init
                0x000006cc                gpath_move_to
                0x000006d8                gpath_rotate_to
                0x000006e4                gpath_draw_outline
                0x000006f0                gpath_draw_filled
                0x000006fc                grect_center_point
                0x00000708                layer_mark_dirty
                0x00000714                layer_remove_from_parent
                0x00000720                layer_add_child
                0x0000072c                layer_get_frame
                0x00000738                layer_set_frame
                0x00000744                layer_set_hidden
                0x00000750                layer_init
                0x0000075c                light_enable
                0x00000768                light_enable_interaction
                0x00000774                psleep
                0x00000780                resource_init_current_app
                0x0000078c                resource_get_handle
                0x00000798                resource_load
                0x000007a4                resource_load_byte_range
                0x000007b0                resource_size
                0x000007bc                rotbmp_deinit_container
                0x000007c8                rotbmp_init_container
                0x000007d4                rotbmp_pair_deinit_container
                0x000007e0                rotbmp_pair_init_container
                0x000007ec                rotbmp_pair_layer_set_src_ic
                0x000007f8                rotbmp_pair_layer_set_angle
                0x00000804                window_init
                0x00000810                window_stack_push
                0x0000081c                window_set_click_config_provider
                0x00000828                window_set_background_color
                0x00000834                window_render
                0x00000840                window_set_fullscreen
                0x0000084c                sin_lookup
                0x00000858                string_format_time
                0x00000864                text_layer_init
                0x00000870                text_layer_get_text
                0x0000087c                text_layer_set_text
                0x00000888                text_layer_set_font
                0x00000894                text_layer_set_text_color
                0x000008a0                text_layer_set_background_color
                0x000008ac                vibes_double_pulse
                0x000008b8                vibes_enqueue_custom_pattern
                0x000008c4                vibes_long_pulse
                0x000008d0                vibes_short_pulse
                0x000008dc                app_get_current_graphics_context
                0x000008e8                clock_is_24h_style
                0x000008f4                property_animation_init_layer_frame
                0x00000900                text_layer_set_text_alignment
                0x0000090c                graphics_draw_bitmap_in_rect
                0x00000918                graphics_text_draw
                0x00000924                layer_set_bounds
                0x00000930                layer_get_bounds
                0x0000093c                layer_set_update_proc
                0x00000948                layer_get_window
                0x00000954                layer_remove_child_layers
                0x00000960                layer_insert_below_sibling
                0x0000096c                layer_insert_above_sibling
                0x00000978                layer_get_hidden
                0x00000984                layer_set_clips
                0x00000990                layer_get_clips
                0x0000099c                text_layer_get_max_used_size
                0x000009a8                text_layer_set_size
                0x000009b4                text_layer_set_overflow_mode
                0x000009c0                graphics_text_layout_get_max_used_size
                0x000009cc                inverter_layer_init
                0x000009d8                bitmap_layer_init
                0x000009e4                bitmap_layer_set_bitmap
                0x000009f0                bitmap_layer_set_alignment
                0x000009fc                bitmap_layer_set_background_color
                0x00000a08                bitmap_layer_set_compositing_mode
                0x00000a14                heap_bitmap_init
                0x00000a20                heap_bitmap_deinit
                0x00000a2c                click_recognizer_get_button_id
                0x00000a38                click_number_of_clicks_counted
                0x00000a44                menu_cell_basic_draw
                0x00000a50                menu_cell_title_draw
                0x00000a5c                menu_cell_basic_header_draw
                0x00000a68                menu_layer_init
                0x00000a74                menu_layer_get_layer
                0x00000a80                menu_layer_set_callbacks
                0x00000a8c                menu_layer_set_click_config_onto_window
                0x00000a98                menu_layer_set_selected_next
                0x00000aa4                menu_layer_set_selected_index
                0x00000ab0                menu_layer_reload_data
                0x00000abc                menu_index_compare
                0x00000ac8                scroll_layer_init
                0x00000ad4                scroll_layer_add_child
                0x00000ae0                scroll_layer_set_click_config_onto_window
                0x00000aec                scroll_layer_set_callbacks
                0x00000af8                scroll_layer_set_context
                0x00000b04                scroll_layer_set_content_offset
                0x00000b10                scroll_layer_get_content_offset
                0x00000b1c                scroll_layer_set_content_size
                0x00000b28                scroll_layer_get_content_size
                0x00000b34                scroll_layer_set_frame
                0x00000b40                scroll_layer_scroll_up_click_handler
                0x00000b4c                scroll_layer_scroll_down_click_handler
                0x00000b58                simple_menu_layer_init
                0x00000b64                simple_menu_layer_get_layer
                0x00000b70                simple_menu_layer_get_selected_index
                0x00000b7c                simple_menu_layer_set_selected_index
                0x00000b88                window_deinit
                0x00000b94                window_set_click_config_provider_with_context
                0x00000ba0                window_get_click_config_provider
                0x00000bac                window_set_window_handlers
                0x00000bb8                window_get_root_layer
                0x00000bc4                window_get_fullscreen
                0x00000bd0                window_set_status_bar_icon
                0x00000bdc                window_is_loaded
                0x00000be8                window_stack_pop
                0x00000bf4                window_stack_pop_all
                0x00000c00                window_stack_contains_window
                0x00000c08                window_stack_get_top_window
                0x00000c10                window_stack_remove
                0x00000c18                property_animation_init
                0x00000c20                property_animation_update_int16
                0x00000c28                property_animation_update_gpoint
                0x00000c30                property_animation_update_grect
                0x00000c38                app_message_register_callbacks
                0x00000c40                app_message_deregister_callbacks
                0x00000c48                app_message_out_get
                0x00000c50                app_message_out_send
                0x00000c58                app_message_out_release
                0x00000c60                app_sync_init
                0x00000c68                app_sync_deinit
                0x00000c70                app_sync_set
                0x00000c78                app_sync_get
                0x00000c80                dict_calc_buffer_size
                0x00000c88                dict_write_begin
                0x00000c90                dict_write_data
                0x00000c98                dict_write_cstring
                0x00000ca0                dict_write_int
                0x00000ca8                dict_write_uint8
                0x00000cb0                dict_write_uint16
                0x00000cb8                dict_write_uint32
                0x00000cc0                dict_write_int8
                0x00000cc8                dict_write_int16
                0x00000cd0                dict_write_int32
                0x00000cd8                dict_write_end
                0x00000ce0                dict_read_begin_from_buffer
                0x00000ce8                dict_read_next
                0x00000cf0                dict_read_first
                0x00000cf8                dict_serialize_tuplets
                0x00000d00                dict_serialize_tuplets_to_buffer
                0x00000d08                dict_serialize_tuplets_to_buffer_with_iter
                0x00000d10                dict_write_tuplet
                0x00000d18                dict_calc_buffer_size_from_tuplets
                0x00000d20                dict_merge
                0x00000d28                dict_find
                0x00000d30                action_bar_layer_init
                0x00000d38                action_bar_layer_set_context
                0x00000d40                action_bar_layer_set_click_config_provider
                0x00000d48                action_bar_layer_set_icon
                0x00000d50                action_bar_layer_clear_icon
                0x00000d58                action_bar_layer_add_to_window
                0x00000d60                action_bar_layer_remove_from_window
                0x00000d68                action_bar_layer_set_background_color
                0x00000d70                number_window_init
                0x00000d78                number_window_set_label
                0x00000d80                number_window_set_max
                0x00000d88                number_window_set_min
                0x00000d90                number_window_set_value
                0x00000d98                number_window_set_step_size
                0x00000da0                number_window_get_value
                0x00000da8                clock_copy_time_string
 .text          0x000010d8        0x0 /root/pebble-dev/arm-cs-tools/bin/../lib/gcc/arm-none-eabi/4.6.3/../../../../arm-none-eabi/lib/thumb2/libc.a(lib_a-memmove.o)
 .text          0x000010d8        0x0 /root/pebble-dev/arm-cs-tools/bin/../lib/gcc/arm-none-eabi/4.6.3/../../../../arm-none-eabi/lib/thumb2/libc.a(lib_a-memset.o)
 .text          0x000010d8        0x0 /root/pebble-dev/arm-cs-tools/bin/../lib/gcc/arm-none-eabi/4.6.3/thumb2/crtend.o
 .text          0x000010d8        0x0 /root/pebble-dev/arm-cs-tools/bin/../lib/gcc/arm-none-eabi/4.6.3/thumb2/crtn.o

.glue_7         0x000010d8        0x0
 .glue_7        0x00000000        0x0 linker stubs

.glue_7t        0x000010d8        0x0
 .glue_7t       0x00000000        0x0 linker stubs

.vfp11_veneer   0x000010d8        0x0
 .vfp11_veneer  0x00000000        0x0 linker stubs

.v4_bx          0x000010d8        0x0
 .v4_bx         0x00000000        0x0 linker stubs

.init           0x000010d8        0xc
 .init          0x000010d8        0x4 /root/pebble-dev/arm-cs-tools/bin/../lib/gcc/arm-none-eabi/4.6.3/thumb2/crti.o
                0x000010d8                _init
 .init          0x000010dc        0x8 /root/pebble-dev/arm-cs-tools/bin/../lib/gcc/arm-none-eabi/4.6.3/thumb2/crtn.o

.fini           0x000010e4        0xc
 .fini          0x000010e4        0x4 /root/pebble-dev/arm-cs-tools/bin/../lib/gcc/arm-none-eabi/4.6.3/thumb2/crti.o
                0x000010e4                _fini
 .fini          0x000010e8        0x8 /root/pebble-dev/arm-cs-tools/bin/../lib/gcc/arm-none-eabi/4.6.3/thumb2/crtn.o

.iplt           0x000010f0        0x0
 .iplt          0x00000000        0x0 /root/pebble-dev/arm-cs-tools/bin/../lib/gcc/arm-none-eabi/4.6.3/thumb2/crti.o

.text.memmove   0x000010f0       0x3c
 .text.memmove  0x000010f0       0x3c /root/pebble-dev/arm-cs-tools/bin/../lib/gcc/arm-none-eabi/4.6.3/../../../../arm-none-eabi/lib/thumb2/libc.a(lib_a-memmove.o)
                0x000010f0                memmove

.text.memset    0x0000112c       0x10
 .text.memset   0x0000112c       0x10 /root/pebble-dev/arm-cs-tools/bin/../lib/gcc/arm-none-eabi/4.6.3/../../../../arm-none-eabi/lib/thumb2/libc.a(lib_a-memset.o)
                0x0000112c                memset

.data           0x0000113c       0x18
 *(.data)
 .data          0x0000113c        0x0 /root/pebble-dev/arm-cs-tools/bin/../lib/gcc/arm-none-eabi/4.6.3/thumb2/crti.o
 .data          0x0000113c        0x4 /root/pebble-dev/arm-cs-tools/bin/../lib/gcc/arm-none-eabi/4.6.3/thumb2/crtbegin.o
                0x0000113c                __dso_handle
 .data          0x00001140       0x14 src/kali.c.1.o
 .data          0x00001154        0x0 /root/pebble-dev/pebble-sdk-release-001/watches/kali-pebble-face/lib/libpebble.a(tmpE96Sgtpebble_os.o)
 .data          0x00001154        0x0 /root/pebble-dev/arm-cs-tools/bin/../lib/gcc/arm-none-eabi/4.6.3/../../../../arm-none-eabi/lib/thumb2/libc.a(lib_a-memmove.o)
 .data          0x00001154        0x0 /root/pebble-dev/arm-cs-tools/bin/../lib/gcc/arm-none-eabi/4.6.3/../../../../arm-none-eabi/lib/thumb2/libc.a(lib_a-memset.o)
 .data          0x00001154        0x0 /root/pebble-dev/arm-cs-tools/bin/../lib/gcc/arm-none-eabi/4.6.3/thumb2/crtend.o
 .data          0x00001154        0x0 /root/pebble-dev/arm-cs-tools/bin/../lib/gcc/arm-none-eabi/4.6.3/thumb2/crtn.o

.igot.plt       0x00001154        0x0
 .igot.plt      0x00000000        0x0 /root/pebble-dev/arm-cs-tools/bin/../lib/gcc/arm-none-eabi/4.6.3/thumb2/crti.o

.got            0x00001154       0x18
 .got           0x00001154       0x18 /root/pebble-dev/arm-cs-tools/bin/../lib/gcc/arm-none-eabi/4.6.3/thumb2/crti.o

.got.plt        0x0000116c        0xc
 .got.plt       0x0000116c        0xc /root/pebble-dev/arm-cs-tools/bin/../lib/gcc/arm-none-eabi/4.6.3/thumb2/crti.o
                0x0000116c                _GLOBAL_OFFSET_TABLE_

.init_array     0x00001178        0x4
 .init_array    0x00001178        0x4 /root/pebble-dev/arm-cs-tools/bin/../lib/gcc/arm-none-eabi/4.6.3/thumb2/crtbegin.o

.fini_array     0x0000117c        0x4
 .fini_array    0x0000117c        0x4 /root/pebble-dev/arm-cs-tools/bin/../lib/gcc/arm-none-eabi/4.6.3/thumb2/crtbegin.o

.jcr            0x00001180        0x4
 .jcr           0x00001180        0x0 /root/pebble-dev/arm-cs-tools/bin/../lib/gcc/arm-none-eabi/4.6.3/thumb2/crtbegin.o
 .jcr           0x00001180        0x4 /root/pebble-dev/arm-cs-tools/bin/../lib/gcc/arm-none-eabi/4.6.3/thumb2/crtend.o

.bss            0x00001184      0x198
 *(.bss)
 .bss           0x00001184        0x0 /root/pebble-dev/arm-cs-tools/bin/../lib/gcc/arm-none-eabi/4.6.3/thumb2/crti.o
 .bss           0x00001184       0x1c /root/pebble-dev/arm-cs-tools/bin/../lib/gcc/arm-none-eabi/4.6.3/thumb2/crtbegin.o
 .bss           0x000011a0        0x0 src/kali.c.1.o
 .bss           0x000011a0        0x0 /root/pebble-dev/pebble-sdk-release-001/watches/kali-pebble-face/lib/libpebble.a(tmpE96Sgtpebble_os.o)
 .bss           0x000011a0        0x0 /root/pebble-dev/arm-cs-tools/bin/../lib/gcc/arm-none-eabi/4.6.3/../../../../arm-none-eabi/lib/thumb2/libc.a(lib_a-memmove.o)
 .bss           0x000011a0        0x0 /root/pebble-dev/arm-cs-tools/bin/../lib/gcc/arm-none-eabi/4.6.3/../../../../arm-none-eabi/lib/thumb2/libc.a(lib_a-memset.o)
 .bss           0x000011a0        0x0 /root/pebble-dev/arm-cs-tools/bin/../lib/gcc/arm-none-eabi/4.6.3/thumb2/crtend.o
 .bss           0x000011a0        0x0 /root/pebble-dev/arm-cs-tools/bin/../lib/gcc/arm-none-eabi/4.6.3/thumb2/crtn.o
 COMMON         0x000011a0      0x17c src/kali.c.1.o
                0x000011a0                text_day_layer
                0x000011d8                text_month_layer
                0x00001210                text_time_layer
                0x00001248                text_date_layer
                0x00001280                background_image
                0x000012c4                window

DISCARD         0x0000131c        0x4
 libc.a(*)
 libm.a(*)
 libgcc.a(*)
 *(.eh_frame)
 .eh_frame      0x0000131c        0x0 /root/pebble-dev/arm-cs-tools/bin/../lib/gcc/arm-none-eabi/4.6.3/thumb2/crtbegin.o
 .eh_frame      0x0000131c        0x4 /root/pebble-dev/arm-cs-tools/bin/../lib/gcc/arm-none-eabi/4.6.3/thumb2/crtend.o
OUTPUT(/root/pebble-dev/pebble-sdk-release-001/watches/kali-pebble-face/build/pebble-app.elf elf32-littlearm)

.rodata         0x00001320       0x6c
 .rodata        0x00001320       0x6c src/kali.c.1.o

.rel.dyn        0x0000138c        0x0
 .rel.iplt      0x00000000        0x0 /root/pebble-dev/arm-cs-tools/bin/../lib/gcc/arm-none-eabi/4.6.3/thumb2/crti.o
 .rel.got       0x00000000        0x0 /root/pebble-dev/arm-cs-tools/bin/../lib/gcc/arm-none-eabi/4.6.3/thumb2/crti.o

.ARM.attributes
                0x00000000       0x27
 .ARM.attributes
                0x00000000       0x1b /root/pebble-dev/arm-cs-tools/bin/../lib/gcc/arm-none-eabi/4.6.3/thumb2/crti.o
 .ARM.attributes
                0x0000001b       0x2b /root/pebble-dev/arm-cs-tools/bin/../lib/gcc/arm-none-eabi/4.6.3/thumb2/crtbegin.o
 .ARM.attributes
                0x00000046       0x33 src/kali.c.1.o
 .ARM.attributes
                0x00000079       0x21 /root/pebble-dev/pebble-sdk-release-001/watches/kali-pebble-face/lib/libpebble.a(tmpE96Sgtpebble_os.o)
 .ARM.attributes
                0x0000009a       0x2b /root/pebble-dev/arm-cs-tools/bin/../lib/gcc/arm-none-eabi/4.6.3/../../../../arm-none-eabi/lib/thumb2/libc.a(lib_a-memmove.o)
 .ARM.attributes
                0x000000c5       0x2b /root/pebble-dev/arm-cs-tools/bin/../lib/gcc/arm-none-eabi/4.6.3/../../../../arm-none-eabi/lib/thumb2/libc.a(lib_a-memset.o)
 .ARM.attributes
                0x000000f0       0x2b /root/pebble-dev/arm-cs-tools/bin/../lib/gcc/arm-none-eabi/4.6.3/thumb2/crtend.o
 .ARM.attributes
                0x0000011b       0x1b /root/pebble-dev/arm-cs-tools/bin/../lib/gcc/arm-none-eabi/4.6.3/thumb2/crtn.o

.comment        0x00000000       0x4e
 .comment       0x00000000       0x4e /root/pebble-dev/arm-cs-tools/bin/../lib/gcc/arm-none-eabi/4.6.3/thumb2/crtbegin.o
                                 0x4f (size before relaxing)
 .comment       0x00000000       0x4f src/kali.c.1.o
 .comment       0x00000000       0x4f /root/pebble-dev/arm-cs-tools/bin/../lib/gcc/arm-none-eabi/4.6.3/../../../../arm-none-eabi/lib/thumb2/libc.a(lib_a-memmove.o)
 .comment       0x00000000       0x4f /root/pebble-dev/arm-cs-tools/bin/../lib/gcc/arm-none-eabi/4.6.3/../../../../arm-none-eabi/lib/thumb2/libc.a(lib_a-memset.o)
 .comment       0x00000000       0x4f /root/pebble-dev/arm-cs-tools/bin/../lib/gcc/arm-none-eabi/4.6.3/thumb2/crtend.o

.debug_line     0x00000000      0x2ad
 .debug_line    0x00000000       0x71 /root/pebble-dev/arm-cs-tools/bin/../lib/gcc/arm-none-eabi/4.6.3/thumb2/crti.o
 .debug_line    0x00000071      0x1c7 src/kali.c.1.o
 .debug_line    0x00000238       0x75 /root/pebble-dev/arm-cs-tools/bin/../lib/gcc/arm-none-eabi/4.6.3/thumb2/crtn.o

.debug_info     0x00000000     0x1522
 .debug_info    0x00000000       0x93 /root/pebble-dev/arm-cs-tools/bin/../lib/gcc/arm-none-eabi/4.6.3/thumb2/crti.o
 .debug_info    0x00000093     0x13fc src/kali.c.1.o
 .debug_info    0x0000148f       0x93 /root/pebble-dev/arm-cs-tools/bin/../lib/gcc/arm-none-eabi/4.6.3/thumb2/crtn.o

.debug_abbrev   0x00000000      0x204
 .debug_abbrev  0x00000000       0x12 /root/pebble-dev/arm-cs-tools/bin/../lib/gcc/arm-none-eabi/4.6.3/thumb2/crti.o
 .debug_abbrev  0x00000012      0x1e0 src/kali.c.1.o
 .debug_abbrev  0x000001f2       0x12 /root/pebble-dev/arm-cs-tools/bin/../lib/gcc/arm-none-eabi/4.6.3/thumb2/crtn.o

.debug_aranges  0x00000000       0x70
 .debug_aranges
                0x00000000       0x28 /root/pebble-dev/arm-cs-tools/bin/../lib/gcc/arm-none-eabi/4.6.3/thumb2/crti.o
 .debug_aranges
                0x00000028       0x20 src/kali.c.1.o
 .debug_aranges
                0x00000048       0x28 /root/pebble-dev/arm-cs-tools/bin/../lib/gcc/arm-none-eabi/4.6.3/thumb2/crtn.o

.debug_ranges   0x00000000       0x40
 .debug_ranges  0x00000000       0x20 /root/pebble-dev/arm-cs-tools/bin/../lib/gcc/arm-none-eabi/4.6.3/thumb2/crti.o
 .debug_ranges  0x00000020       0x20 /root/pebble-dev/arm-cs-tools/bin/../lib/gcc/arm-none-eabi/4.6.3/thumb2/crtn.o

.debug_loc      0x00000000       0xaa
 .debug_loc     0x00000000       0xaa src/kali.c.1.o

.debug_str      0x00000000      0xdb9
 .debug_str     0x00000000      0xdb9 src/kali.c.1.o
                                0xe94 (size before relaxing)

.debug_frame    0x00000000       0x70
 .debug_frame   0x00000000       0x70 src/kali.c.1.o
